# Test Results

## Test 1: Pipes
Bash:
Minishell:
test

## Test 2: Redirections
Test output redirection:
test

## Test 3: Environment Variables
Bash HOME:
/c/Users/sora
Minishell HOME:
\/c/Users/sora

## Test 4: Exit Status
Bash false then echo status:
0
Minishell false then echo status:
